[36mvite v8.0.0 [32mbuilding client environment for production...[36m[39m
[2K
node.exe : DEPRECATION 
WARNING [import]: Sass 
@import rules are deprecated 
and will be removed in Dart 
Sass 3.0.0.
At C:\Program 
Files\nodejs\npx.ps1:29 
char:3
+   & $NODE_EXE $NPX_CLI_JS 
$args
+   
~~~~~~~~~~~~~~~~~~~~~~~~~~~~~
    + CategoryInfo           
   : NotSpecified: (DEPRECA  
  TION WAR...art Sass 3.0.   
 0.:String) [], RemoteExc    
eption
    + FullyQualifiedErrorId  
   : NativeCommandError
 

More info and automated 
migrator: https://sass-lang.c
om/d/import

  Γò╖
1 Γöé @import 
"@/styles/variables";/* 
ArthaNova ΓÇö Global Styles 
*/
  Γöé         
^^^^^^^^^^^^^^^^^^^^
  Γò╡
    src\styles\global.scss 
1:9  root stylesheet

DEPRECATION WARNING 
[import]: Sass @import rules 
are deprecated and will be 
removed in Dart Sass 3.0.0.

More info and automated 
migrator: https://sass-lang.c
om/d/import

  Γò╖
2 Γöé @import './variables';
  Γöé         ^^^^^^^^^^^^^
  Γò╡
    src\styles\global.scss 
2:9  root stylesheet

DEPRECATION WARNING 
[global-builtin]: Global 
built-in functions are 
deprecated and will be 
removed in Dart Sass 3.0.0.
Use color.adjust instead.

More info and automated 
migrator: https://sass-lang.c
om/d/import

    Γò╖
174 Γöé     background: 
darken(#DE350B, 8%);
    Γöé                 
^^^^^^^^^^^^^^^^^^^
    Γò╡
    src\styles\global.scss 
174:17  root stylesheet

DEPRECATION WARNING 
[color-functions]: darken() 
is deprecated. Suggestions:

color.scale($color, 
$lightness: -17.5107296137%)
color.adjust($color, 
$lightness: -8%)

More info: https://sass-lang.
com/d/color-functions

    Γò╖
174 Γöé     background: 
darken(#DE350B, 8%);
    Γöé                 
^^^^^^^^^^^^^^^^^^^
    Γò╡
    src\styles\global.scss 
174:17  root stylesheet

DEPRECATION WARNING 
[global-builtin]: Global 
built-in functions are 
deprecated and will be 
removed in Dart Sass 3.0.0.
Use color.adjust instead.

More info and automated 
migrator: https://sass-lang.c
om/d/import

    Γò╖
334 Γöé   background: 
linear-gradient(90deg, 
$color-border 25%, 
lighten($color-border, 5%) 
50%, $color-border 75%);
    Γöé                      
                             
      
^^^^^^^^^^^^^^^^^^^^^^^^^^
    Γò╡
    src\styles\global.scss 
334:57  root stylesheet

DEPRECATION WARNING 
[color-functions]: lighten() 
is deprecated. Suggestions:

color.scale($color, 
$lightness: 44.7368421053%)
color.adjust($color, 
$lightness: 5%)

More info: https://sass-lang.
com/d/color-functions

    Γò╖
334 Γöé   background: 
linear-gradient(90deg, 
$color-border 25%, 
lighten($color-border, 5%) 
50%, $color-border 75%);
    Γöé                      
                             
      
^^^^^^^^^^^^^^^^^^^^^^^^^^
    Γò╡
    src\styles\global.scss 
334:57  root stylesheet

transforming...Γ£ô 96 modules transformed.
[31mΓ£ù[39m Build failed 
in 1.33s
[31merror during build:
[31mBuild failed with 16 
errors:

[31m[UNRESOLVED_IMPORT] 
Error:[0m Could not resolve 
'../../styles/layouts/AppLayo
ut.module.scss' in 
src/layouts/AppLayout.jsx
   [38;5;246mΓò¡[0m[38;5;2
46mΓöÇ[0m[38;5;246m[[0m sr
c/layouts/AppLayout.jsx:5:20 
[38;5;246m][0m
   [38;5;246mΓöé[0m
 [38;5;246m5 Γöé[0m [38;5;
249mi[0m[38;5;249mm[0m[38
;5;249mp[0m[38;5;249mo[0m
[38;5;249mr[0m[38;5;249mt[
0m[38;5;249m [0m[38;5;249m
s[0m[38;5;249mt[0m[38;5;2
49my[0m[38;5;249ml[0m[38;
5;249me[0m[38;5;249ms[0m[
38;5;249m [0m[38;5;249mf[0
m[38;5;249mr[0m[38;5;249mo
[0m[38;5;249mm[0m[38;5;24
9m [0m"../../styles/layouts/
AppLayout.module.scss"[38;5;
249m;[0m
 [38;5;240m  Γöé[0m        
            ΓöÇΓöÇΓöÇΓöÇΓöÇΓö
ÇΓöÇΓöÇΓöÇΓöÇΓöÇΓöÇΓöÇΓöÇΓöÇΓ
öÇΓöÇΓöÇΓöÇΓöÇΓöÇΓöÇΓö¼ΓöÇΓöÇ
ΓöÇΓöÇΓöÇΓöÇΓöÇΓöÇΓöÇΓöÇΓöÇΓö
ÇΓöÇΓöÇΓöÇΓöÇΓöÇΓöÇΓöÇΓöÇΓöÇ 
 
 [38;5;240m  Γöé[0m        
                             
     Γò░ΓöÇΓöÇΓöÇΓöÇΓöÇΓöÇΓöÇ
ΓöÇΓöÇΓöÇΓöÇΓöÇΓöÇΓöÇΓöÇΓöÇΓö
ÇΓöÇΓöÇΓöÇΓöÇΓöÇΓöÇ Module 
not found.
 [38;5;240m  Γöé[0m 
 [38;5;240m  Γöé[0m 
[38;5;115mHelp[0m: 
'src/layouts/AppLayout.jsx' 
is imported by the following 
path:
 [38;5;240m  Γöé[0m        
 - src/layouts/AppLayout.jsx
 [38;5;240m  Γöé[0m        
 - src/App.jsx
 [38;5;240m  Γöé[0m        
 - src/main.jsx
 [38;5;240m  Γöé[0m        
 - index.html
[38;5;246mΓöÇΓöÇΓöÇΓò»[0m

[31m[UNRESOLVED_IMPORT] 
Error:[0m Could not resolve 
'../../../styles/pages/auth/A
uthPages.module.scss' in 
src/pages/auth/LoginPage.jsx
   [38;5;246mΓò¡[0m[38;5;2
46mΓöÇ[0m[38;5;246m[[0m sr
c/pages/auth/LoginPage.jsx:6:
20 [38;5;246m][0m
   [38;5;246mΓöé[0m
 [38;5;246m6 Γöé[0m [38;5;
249mi[0m[38;5;249mm[0m[38
;5;249mp[0m[38;5;249mo[0m
[38;5;249mr[0m[38;5;249mt[
0m[38;5;249m [0m[38;5;249m
s[0m[38;5;249mt[0m[38;5;2
49my[0m[38;5;249ml[0m[38;
5;249me[0m[38;5;249ms[0m[
38;5;249m [0m[38;5;249mf[0
m[38;5;249mr[0m[38;5;249mo
[0m[38;5;249mm[0m[38;5;24
9m [0m"../../../styles/pages
/auth/AuthPages.module.scss"
[38;5;249m;[0m
 [38;5;240m  Γöé[0m        
            ΓöÇΓöÇΓöÇΓöÇΓöÇΓö
ÇΓöÇΓöÇΓöÇΓöÇΓöÇΓöÇΓöÇΓöÇΓöÇΓ
öÇΓöÇΓöÇΓöÇΓöÇΓöÇΓöÇΓöÇΓöÇΓöÇ
Γö¼ΓöÇΓöÇΓöÇΓöÇΓöÇΓöÇΓöÇΓöÇΓö
ÇΓöÇΓöÇΓöÇΓöÇΓöÇΓöÇΓöÇΓöÇΓöÇΓ
öÇΓöÇΓöÇΓöÇΓöÇΓöÇ  
 [38;5;240m  Γöé[0m        
                             
        Γò░ΓöÇΓöÇΓöÇΓöÇΓöÇΓöÇ
ΓöÇΓöÇΓöÇΓöÇΓöÇΓöÇΓöÇΓöÇΓöÇΓö
ÇΓöÇΓöÇΓöÇΓöÇΓöÇΓöÇΓöÇΓöÇΓöÇΓ
öÇ Module not found.
 [38;5;240m  Γöé[0m 
 [38;5;240m  Γöé[0m 
[38;5;115mHelp[0m: 'src/pag
es/auth/LoginPage.jsx' is 
imported by the following 
path:
 [38;5;240m  Γöé[0m        
 - 
src/pages/auth/LoginPage.jsx
 [38;5;240m  Γöé[0m        
 - src/App.jsx
 [38;5;240m  Γöé[0m        
 - src/main.jsx
 [38;5;240m  Γöé[0m        
 - index.html
[38;5;246mΓöÇΓöÇΓöÇΓò»[0m

[31m[UNRESOLVED_IMPORT] 
Error:[0m Could not resolve 
'../../styles/layouts/PublicL
ayout.module.scss' in 
src/layouts/PublicLayout.jsx
   [38;5;246mΓò¡[0m[38;5;2
46mΓöÇ[0m[38;5;246m[[0m sr
c/layouts/PublicLayout.jsx:4:
20 [38;5;246m][0m
   [38;5;246mΓöé[0m
 [38;5;246m4 Γöé[0m [38;5;
249mi[0m[38;5;249mm[0m[38
;5;249mp[0m[38;5;249mo[0m
[38;5;249mr[0m[38;5;249mt[
0m[38;5;249m [0m[38;5;249m
s[0m[38;5;249mt[0m[38;5;2
49my[0m[38;5;249ml[0m[38;
5;249me[0m[38;5;249ms[0m[
38;5;249m [0m[38;5;249mf[0
m[38;5;249mr[0m[38;5;249mo
[0m[38;5;249mm[0m[38;5;24
9m [0m"../../styles/layouts/
PublicLayout.module.scss"[38
;5;249m;[0m
 [38;5;240m  Γöé[0m        
            ΓöÇΓöÇΓöÇΓöÇΓöÇΓö
ÇΓöÇΓöÇΓöÇΓöÇΓöÇΓöÇΓöÇΓöÇΓöÇΓ
öÇΓöÇΓöÇΓöÇΓöÇΓöÇΓöÇΓöÇΓö¼ΓöÇ
ΓöÇΓöÇΓöÇΓöÇΓöÇΓöÇΓöÇΓöÇΓöÇΓö
ÇΓöÇΓöÇΓöÇΓöÇΓöÇΓöÇΓöÇΓöÇΓöÇΓ
öÇΓöÇΓöÇ  
 [38;5;240m  Γöé[0m        
                             
      Γò░ΓöÇΓöÇΓöÇΓöÇΓöÇΓöÇΓö
ÇΓöÇΓöÇΓöÇΓöÇΓöÇΓöÇΓöÇΓöÇΓöÇΓ
öÇΓöÇΓöÇΓöÇΓöÇΓöÇΓöÇΓöÇΓöÇ 
Module not found.
 [38;5;240m  Γöé[0m 
 [38;5;240m  Γöé[0m 
[38;5;115mHelp[0m: 'src/lay
outs/PublicLayout.jsx' is 
imported by the following 
path:
 [38;5;240m  Γöé[0m        
 - 
src/layouts/PublicLayout.jsx
 [38;5;240m  Γöé[0m        
 - src/App.jsx
 [38;5;240m  Γöé[0m        
 - src/main.jsx
 [38;5;240m  Γöé[0m        
 - index.html
[38;5;246mΓöÇΓöÇΓöÇΓò»[0m

[31m[UNRESOLVED_IMPORT] 
Error:[0m Could not resolve 
'../../../styles/pages/public
/LandingPage.module.scss' in 
src/pages/public/LandingPage.
jsx
   [38;5;246mΓò¡[0m[38;5;2
46mΓöÇ[0m[38;5;246m[[0m sr
c/pages/public/LandingPage.js
x:2:20 [38;5;246m][0m
   [38;5;246mΓöé[0m
 [38;5;246m2 Γöé[0m [38;5;
249mi[0m[38;5;249mm[0m[38
;5;249mp[0m[38;5;249mo[0m
[38;5;249mr[0m[38;5;249mt[
0m[38;5;249m [0m[38;5;249m
s[0m[38;5;249mt[0m[38;5;2
49my[0m[38;5;249ml[0m[38;
5;249me[0m[38;5;249ms[0m[
38;5;249m [0m[38;5;249mf[0
m[38;5;249mr[0m[38;5;249mo
[0m[38;5;249mm[0m[38;5;24
9m [0m"../../../styles/pages
/public/LandingPage.module.sc
ss"[38;5;249m;[0m
 [38;5;240m  Γöé[0m        
            ΓöÇΓöÇΓöÇΓöÇΓöÇΓö
ÇΓöÇΓöÇΓöÇΓöÇΓöÇΓöÇΓöÇΓöÇΓöÇΓ
öÇΓöÇΓöÇΓöÇΓöÇΓöÇΓöÇΓöÇΓöÇΓöÇ
ΓöÇΓöÇΓö¼ΓöÇΓöÇΓöÇΓöÇΓöÇΓöÇΓö
ÇΓöÇΓöÇΓöÇΓöÇΓöÇΓöÇΓöÇΓöÇΓöÇΓ
öÇΓöÇΓöÇΓöÇΓöÇΓöÇΓöÇΓöÇΓöÇΓöÇ
  
 [38;5;240m  Γöé[0m        
                             
          Γò░ΓöÇΓöÇΓöÇΓöÇΓöÇΓ
öÇΓöÇΓöÇΓöÇΓöÇΓöÇΓöÇΓöÇΓöÇΓöÇ
ΓöÇΓöÇΓöÇΓöÇΓöÇΓöÇΓöÇΓöÇΓöÇΓö
ÇΓöÇΓöÇΓöÇ Module not found.
 [38;5;240m  Γöé[0m 
 [38;5;240m  Γöé[0m 
[38;5;115mHelp[0m: 'src/pag
es/public/LandingPage.jsx' 
is imported by the following 
path:
 [38;5;240m  Γöé[0m        
 - src/pages/public/LandingPa
ge.jsx
 [38;5;240m  Γöé[0m        
 - src/App.jsx
 [38;5;240m  Γöé[0m        
 - src/main.jsx
 [38;5;240m  Γöé[0m        
 - index.html
[38;5;246mΓöÇΓöÇΓöÇΓò»[0m

[31m[UNRESOLVED_IMPORT] 
Error:[0m Could not resolve 
'../../../styles/pages/app/AI
ChatPage.module.scss' in 
src/pages/app/AIChatPage.jsx
   [38;5;246mΓò¡[0m[38;5;2
46mΓöÇ[0m[38;5;246m[[0m sr
c/pages/app/AIChatPage.jsx:5:
20 [38;5;246m][0m
   [38;5;246mΓöé[0m
 [38;5;246m5 Γöé[0m [38;5;
249mi[0m[38;5;249mm[0m[38
;5;249mp[0m[38;5;249mo[0m
[38;5;249mr[0m[38;5;249mt[
0m[38;5;249m [0m[38;5;249m
s[0m[38;5;249mt[0m[38;5;2
49my[0m[38;5;249ml[0m[38;
5;249me[0m[38;5;249ms[0m[
38;5;249m [0m[38;5;249mf[0
m[38;5;249mr[0m[38;5;249mo
[0m[38;5;249mm[0m[38;5;24
9m [0m"../../../styles/pages
/app/AIChatPage.module.scss"
[38;5;249m;[0m
 [38;5;240m  Γöé[0m        
            ΓöÇΓöÇΓöÇΓöÇΓöÇΓö
ÇΓöÇΓöÇΓöÇΓöÇΓöÇΓöÇΓöÇΓöÇΓöÇΓ
öÇΓöÇΓöÇΓöÇΓöÇΓöÇΓöÇΓöÇΓöÇΓöÇ
Γö¼ΓöÇΓöÇΓöÇΓöÇΓöÇΓöÇΓöÇΓöÇΓö
ÇΓöÇΓöÇΓöÇΓöÇΓöÇΓöÇΓöÇΓöÇΓöÇΓ
öÇΓöÇΓöÇΓöÇΓöÇΓöÇ  
 [38;5;240m  Γöé[0m        
                             
        Γò░ΓöÇΓöÇΓöÇΓöÇΓöÇΓöÇ
ΓöÇΓöÇΓöÇΓöÇΓöÇΓöÇΓöÇΓöÇΓöÇΓö
ÇΓöÇΓöÇΓöÇΓöÇΓöÇΓöÇΓöÇΓöÇΓöÇΓ
öÇ Module not found.
 [38;5;240m  Γöé[0m 
 [38;5;240m  Γöé[0m 
[38;5;115mHelp[0m: 'src/pag
es/app/AIChatPage.jsx' is 
imported by the following 
path:
 [38;5;240m  Γöé[0m        
 - 
src/pages/app/AIChatPage.jsx
 [38;5;240m  Γöé[0m        
 - src/App.jsx
 [38;5;240m  Γöé[0m        
 - src/main.jsx
 [38;5;240m  Γöé[0m        
 - index.html
[38;5;246mΓöÇΓöÇΓöÇΓò»[0m

...[31m
    at aggregateBindingErrors
IntoJsError (file:///C:/Users
/anmol/OneDrive/Desktop/Artha
Nova/frontend/node_modules/ro
lldown/dist/shared/error-CP8s
mW_P.mjs:48:18)
    at unwrapBindingResult (f
ile:///C:/Users/anmol/OneDriv
e/Desktop/ArthaNova/frontend/
node_modules/rolldown/dist/sh
ared/error-CP8smW_P.mjs:18:12
8)
    at #build (file:///C:/Use
rs/anmol/OneDrive/Desktop/Art
haNova/frontend/node_modules/
rolldown/dist/shared/rolldown
-build-4YnQkA76.mjs:3311:34)
    at async 
buildEnvironment (file:///C:/
Users/anmol/OneDrive/Desktop/
ArthaNova/frontend/node_modul
es/vite/dist/node/chunks/node
.js:32794:64)
    at async Object.build (fi
le:///C:/Users/anmol/OneDrive
/Desktop/ArthaNova/frontend/n
ode_modules/vite/dist/node/ch
unks/node.js:33216:19)
    at async Object.buildApp 
(file:///C:/Users/anmol/OneDr
ive/Desktop/ArthaNova/fronten
d/node_modules/vite/dist/node
/chunks/node.js:33213:153)
    at async CAC.<anonymous> 
(file:///C:/Users/anmol/OneDr
ive/Desktop/ArthaNova/fronten
d/node_modules/vite/dist/node
/cli.js:778:3) {
  errors: [Getter/Setter]
}[39m
